// Jest Snapshot v1, https://goo.gl/fbAQLP

exports[`testing postCard renders snapshot 1`] = `
<div
  className="container"
>
  <div
    className="row"
  >
    <div
      className="col"
    >
      <img
        style={
          Object {
            "width": "60px",
          }
        }
      />
    </div>
    <div
      className="col"
    >
      <a
        className="userNameLink"
        href="#"
      />
    </div>
  </div>
</div>
`;
